Component: ARM Compiler 5.06 update 4 (build 422) Tool: armlink [4d35d2]

==============================================================================

Section Cross References

    fifo.o(.text) refers to fifo.o(DATA) for RxFifo
    mdb.o(DATA) refers (Special) to gptimer.o(.text) for Timer_NoResponseTime
    mdb.o(DATA) refers (Special) to uartints.o(.text) for UART0_Handler
    mdb.o(.text) refers (Special) to gptimer.o(.text) for Timer_NoResponseTime
    mdb.o(.text) refers (Special) to uartints.o(.text) for UART0_Handler
    mdb.o(.text) refers to systick.o(.text) for delay
    mdb.o(.text) refers to mdb.o(DATA) for Command
    startup.o(RESET) refers to startup.o(STACK) for StackMem
    startup.o(RESET) refers to uartints.o(.text) for UART0_Handler
    startup.o(RESET) refers to vmc_mdb_main.o(.text) for Start
    startup.o(RESET) refers to systick.o(.text) for systick_interrupt
    uartints.o(.text) refers (Special) to gptimer.o(.text) for Timer_BreakTime
    uartints.o(.text) refers to startup.o(.text) for DisableInterrupts
    uartints.o(.text) refers to fifo.o(.text) for RxFifo_Init
    vmc_mdb_main.o(.text) refers to pll.o(.text) for PLL_Init
    vmc_mdb_main.o(.text) refers to uartints.o(.text) for UART_Init
    vmc_mdb_main.o(.text) refers to mdb.o(.text) for MDB_InitCoinChanger


==============================================================================

Removing Unused input sections from the image.

    Removing startup.o(HEAP), (0 bytes).
    Removing vmc_mdb_main.o(DATA), (41 bytes).

2 unused section(s) (total 41 bytes) removed from the image.

==============================================================================

Image Symbol Table

    Local Symbols

    Symbol Name                              Value     Ov Type        Size  Object(Section)

    RESET                                    0x00000000   Section      548  startup.o(RESET)
    FIFO.s                                   0x00000000   Number         0  fifo.o ABSOLUTE
    GPTimer.s                                0x00000000   Number         0  gptimer.o ABSOLUTE
    PLL.s                                    0x00000000   Number         0  pll.o ABSOLUTE
    SysTick.s                                0x00000000   Number         0  systick.o ABSOLUTE
    UARTInts.s                               0x00000000   Number         0  uartints.o ABSOLUTE
    VMC_MDB_Main.s                           0x00000000   Number         0  vmc_mdb_main.o ABSOLUTE
    mdb.s                                    0x00000000   Number         0  mdb.o ABSOLUTE
    startup.s                                0x00000000   Number         0  startup.o ABSOLUTE
    $v0                                      0x00000208   Number         0  startup.o(RESET)
    .text                                    0x00000224   Section      268  fifo.o(.text)
    $v0                                      0x00000224   Number         0  fifo.o(.text)
    .text                                    0x00000330   Section      568  mdb.o(.text)
    $v0                                      0x00000330   Number         0  mdb.o(.text)
    InitTimerSetupDone                       0x00000459   Thumb Code     0  mdb.o(.text)
    .text                                    0x00000568   Section      372  pll.o(.text)
    $v0                                      0x00000568   Number         0  pll.o(.text)
    .text                                    0x000006dc   Section       28  startup.o(.text)
    $v0                                      0x000006dc   Number         0  startup.o(.text)
    .text                                    0x000006f8   Section     1088  uartints.o(.text)
    $v0                                      0x000006f8   Number         0  uartints.o(.text)
    .text                                    0x00000b38   Section       12  vmc_mdb_main.o(.text)
    $v0                                      0x00000b38   Number         0  vmc_mdb_main.o(.text)
    .text                                    0x00000b44   Section       52  systick.o(.text)
    $v0                                      0x00000b44   Number         0  systick.o(.text)
    .text                                    0x00000b78   Section       32  gptimer.o(.text)
    $v0                                      0x00000b78   Number         0  gptimer.o(.text)
    DATA                                     0x20000000   Section       48  fifo.o(DATA)
    RxPutPt                                  0x20000000   Data           4  fifo.o(DATA)
    RxGetPt                                  0x20000004   Data           4  fifo.o(DATA)
    RxFifo                                   0x20000008   Data          16  fifo.o(DATA)
    TxPutPt                                  0x20000018   Data           4  fifo.o(DATA)
    TxGetPt                                  0x2000001c   Data           4  fifo.o(DATA)
    TxFifo                                   0x20000020   Data          16  fifo.o(DATA)
    DATA                                     0x20000030   Section      200  mdb.o(DATA)
    STACK                                    0x200000f8   Section     1024  startup.o(STACK)
    StackMem                                 0x200000f8   Data           0  startup.o(STACK)

    Global Symbols

    Symbol Name                              Value     Ov Type        Size  Object(Section)

    BuildAttributes$$THM_ISAv4$E$P$D$K$B$S$7EM$VFPi3$EXTD16$VFPS$VFMA$PE$A:L22UL41UL21$X:L11$S22US41US21$IEEE1$IW$USESV6$~STKCKD$USESV7$~SHL$OSPACE$EBA8$STANDARDLIB$EABIv2 0x00000000   Number         0  anon$$obj.o ABSOLUTE
    __Vectors                                0x00000000   Data           0  startup.o(RESET)
    Reset_Handler                            0x00000209   Thumb Code     0  startup.o(RESET)
    NMI_Handler                              0x0000020d   Thumb Code     2  startup.o(RESET)
    HardFault_Handler                        0x0000020f   Thumb Code     2  startup.o(RESET)
    MemManage_Handler                        0x00000211   Thumb Code     2  startup.o(RESET)
    BusFault_Handler                         0x00000213   Thumb Code     2  startup.o(RESET)
    UsageFault_Handler                       0x00000215   Thumb Code     2  startup.o(RESET)
    SVC_Handler                              0x00000217   Thumb Code     2  startup.o(RESET)
    DebugMon_Handler                         0x00000219   Thumb Code     2  startup.o(RESET)
    PendSV_Handler                           0x0000021b   Thumb Code     2  startup.o(RESET)
    SysTick_Handler                          0x0000021d   Thumb Code     4  startup.o(RESET)
    ADC0Seq0_Handler                         0x00000221   Thumb Code     0  startup.o(RESET)
    ADC0Seq1_Handler                         0x00000221   Thumb Code     0  startup.o(RESET)
    ADC0Seq2_Handler                         0x00000221   Thumb Code     0  startup.o(RESET)
    ADC0Seq3_Handler                         0x00000221   Thumb Code     0  startup.o(RESET)
    ADC1Seq0_Handler                         0x00000221   Thumb Code     0  startup.o(RESET)
    ADC1Seq1_Handler                         0x00000221   Thumb Code     0  startup.o(RESET)
    ADC1Seq2_Handler                         0x00000221   Thumb Code     0  startup.o(RESET)
    ADC1Seq3_Handler                         0x00000221   Thumb Code     0  startup.o(RESET)
    CAN0_Handler                             0x00000221   Thumb Code     0  startup.o(RESET)
    CAN1_Handler                             0x00000221   Thumb Code     0  startup.o(RESET)
    Comp0_Handler                            0x00000221   Thumb Code     0  startup.o(RESET)
    Comp1_Handler                            0x00000221   Thumb Code     0  startup.o(RESET)
    Comp2_Handler                            0x00000221   Thumb Code     0  startup.o(RESET)
    Ethernet_Handler                         0x00000221   Thumb Code     0  startup.o(RESET)
    ExtBus_Handler                           0x00000221   Thumb Code     0  startup.o(RESET)
    FPU_Handler                              0x00000221   Thumb Code     0  startup.o(RESET)
    FlashCtl_Handler                         0x00000221   Thumb Code     0  startup.o(RESET)
    GPIOPortA_Handler                        0x00000221   Thumb Code     0  startup.o(RESET)
    GPIOPortB_Handler                        0x00000221   Thumb Code     0  startup.o(RESET)
    GPIOPortC_Handler                        0x00000221   Thumb Code     0  startup.o(RESET)
    GPIOPortD_Handler                        0x00000221   Thumb Code     0  startup.o(RESET)
    GPIOPortE_Handler                        0x00000221   Thumb Code     0  startup.o(RESET)
    GPIOPortF_Handler                        0x00000221   Thumb Code     0  startup.o(RESET)
    GPIOPortG_Handler                        0x00000221   Thumb Code     0  startup.o(RESET)
    GPIOPortH_Handler                        0x00000221   Thumb Code     0  startup.o(RESET)
    GPIOPortJ_Handler                        0x00000221   Thumb Code     0  startup.o(RESET)
    GPIOPortK_Handler                        0x00000221   Thumb Code     0  startup.o(RESET)
    GPIOPortL_Handler                        0x00000221   Thumb Code     0  startup.o(RESET)
    GPIOPortM_Handler                        0x00000221   Thumb Code     0  startup.o(RESET)
    GPIOPortN_Handler                        0x00000221   Thumb Code     0  startup.o(RESET)
    GPIOPortP1_Handler                       0x00000221   Thumb Code     0  startup.o(RESET)
    GPIOPortP2_Handler                       0x00000221   Thumb Code     0  startup.o(RESET)
    GPIOPortP3_Handler                       0x00000221   Thumb Code     0  startup.o(RESET)
    GPIOPortP4_Handler                       0x00000221   Thumb Code     0  startup.o(RESET)
    GPIOPortP5_Handler                       0x00000221   Thumb Code     0  startup.o(RESET)
    GPIOPortP6_Handler                       0x00000221   Thumb Code     0  startup.o(RESET)
    GPIOPortP7_Handler                       0x00000221   Thumb Code     0  startup.o(RESET)
    GPIOPortP_Handler                        0x00000221   Thumb Code     0  startup.o(RESET)
    GPIOPortQ1_Handler                       0x00000221   Thumb Code     0  startup.o(RESET)
    GPIOPortQ2_Handler                       0x00000221   Thumb Code     0  startup.o(RESET)
    GPIOPortQ3_Handler                       0x00000221   Thumb Code     0  startup.o(RESET)
    GPIOPortQ4_Handler                       0x00000221   Thumb Code     0  startup.o(RESET)
    GPIOPortQ5_Handler                       0x00000221   Thumb Code     0  startup.o(RESET)
    GPIOPortQ6_Handler                       0x00000221   Thumb Code     0  startup.o(RESET)
    GPIOPortQ7_Handler                       0x00000221   Thumb Code     0  startup.o(RESET)
    GPIOPortQ_Handler                        0x00000221   Thumb Code     0  startup.o(RESET)
    Hibernate_Handler                        0x00000221   Thumb Code     0  startup.o(RESET)
    I2C0_Handler                             0x00000221   Thumb Code     0  startup.o(RESET)
    I2C1_Handler                             0x00000221   Thumb Code     0  startup.o(RESET)
    I2C2_Handler                             0x00000221   Thumb Code     0  startup.o(RESET)
    I2C3_Handler                             0x00000221   Thumb Code     0  startup.o(RESET)
    I2C4_Handler                             0x00000221   Thumb Code     0  startup.o(RESET)
    I2C5_Handler                             0x00000221   Thumb Code     0  startup.o(RESET)
    I2C6_Handler                             0x00000221   Thumb Code     0  startup.o(RESET)
    I2C7_Handler                             0x00000221   Thumb Code     0  startup.o(RESET)
    I2C8_Handler                             0x00000221   Thumb Code     0  startup.o(RESET)
    I2C9_Handler                             0x00000221   Thumb Code     0  startup.o(RESET)
    PWM0Fault_Handler                        0x00000221   Thumb Code     0  startup.o(RESET)
    PWM0Generator0_Handler                   0x00000221   Thumb Code     0  startup.o(RESET)
    PWM0Generator1_Handler                   0x00000221   Thumb Code     0  startup.o(RESET)
    PWM0Generator2_Handler                   0x00000221   Thumb Code     0  startup.o(RESET)
    PWM0Generator3_Handler                   0x00000221   Thumb Code     0  startup.o(RESET)
    Quadrature0_Handler                      0x00000221   Thumb Code     0  startup.o(RESET)
    SSI0_Handler                             0x00000221   Thumb Code     0  startup.o(RESET)
    SSI1_Handler                             0x00000221   Thumb Code     0  startup.o(RESET)
    SSI2_Handler                             0x00000221   Thumb Code     0  startup.o(RESET)
    SSI3_Handler                             0x00000221   Thumb Code     0  startup.o(RESET)
    SysCtl_Handler                           0x00000221   Thumb Code     0  startup.o(RESET)
    Tamper_Handler                           0x00000221   Thumb Code     0  startup.o(RESET)
    Timer0A_Handler                          0x00000221   Thumb Code     0  startup.o(RESET)
    Timer0B_Handler                          0x00000221   Thumb Code     0  startup.o(RESET)
    Timer1A_Handler                          0x00000221   Thumb Code     0  startup.o(RESET)
    Timer1B_Handler                          0x00000221   Thumb Code     0  startup.o(RESET)
    Timer2A_Handler                          0x00000221   Thumb Code     0  startup.o(RESET)
    Timer2B_Handler                          0x00000221   Thumb Code     0  startup.o(RESET)
    Timer3A_Handler                          0x00000221   Thumb Code     0  startup.o(RESET)
    Timer3B_Handler                          0x00000221   Thumb Code     0  startup.o(RESET)
    Timer4A_Handler                          0x00000221   Thumb Code     0  startup.o(RESET)
    Timer4B_Handler                          0x00000221   Thumb Code     0  startup.o(RESET)
    Timer5A_Handler                          0x00000221   Thumb Code     0  startup.o(RESET)
    Timer5B_Handler                          0x00000221   Thumb Code     0  startup.o(RESET)
    Timer6A_Handler                          0x00000221   Thumb Code     0  startup.o(RESET)
    Timer6B_Handler                          0x00000221   Thumb Code     0  startup.o(RESET)
    Timer7A_Handler                          0x00000221   Thumb Code     0  startup.o(RESET)
    Timer7B_Handler                          0x00000221   Thumb Code     0  startup.o(RESET)
    UART1_Handler                            0x00000221   Thumb Code     0  startup.o(RESET)
    UART2_Handler                            0x00000221   Thumb Code     0  startup.o(RESET)
    UART3_Handler                            0x00000221   Thumb Code     0  startup.o(RESET)
    UART4_Handler                            0x00000221   Thumb Code     0  startup.o(RESET)
    UART5_Handler                            0x00000221   Thumb Code     0  startup.o(RESET)
    UART6_Handler                            0x00000221   Thumb Code     0  startup.o(RESET)
    UART7_Handler                            0x00000221   Thumb Code     0  startup.o(RESET)
    USB0_Handler                             0x00000221   Thumb Code     0  startup.o(RESET)
    WDT_Handler                              0x00000221   Thumb Code     0  startup.o(RESET)
    uDMA_Error                               0x00000221   Thumb Code     0  startup.o(RESET)
    uDMA_Handler                             0x00000221   Thumb Code     0  startup.o(RESET)
    RxFifo_Init                              0x00000225   Thumb Code     0  fifo.o(.text)
    RxFifo_Put                               0x00000231   Thumb Code     2  fifo.o(.text)
    RxFifo_Get                               0x0000025f   Thumb Code     2  fifo.o(.text)
    RxFifo_Size                              0x00000289   Thumb Code     0  fifo.o(.text)
    TxFifo_Init                              0x0000029b   Thumb Code     0  fifo.o(.text)
    TxFifo_Put                               0x000002a7   Thumb Code     2  fifo.o(.text)
    TxFifo_Get                               0x000002d5   Thumb Code     2  fifo.o(.text)
    TxFifo_Size                              0x000002ff   Thumb Code     0  fifo.o(.text)
    MDB_SendAddress                          0x00000331   Thumb Code     0  mdb.o(.text)
    MDB_SendCommand                          0x00000341   Thumb Code     0  mdb.o(.text)
    MDB_SendACK                              0x0000036b   Thumb Code     0  mdb.o(.text)
    MDB_SendRET                              0x00000377   Thumb Code     0  mdb.o(.text)
    MDB_SendNAK                              0x00000383   Thumb Code     0  mdb.o(.text)
    MDB_GetAnswer                            0x0000038f   Thumb Code     0  mdb.o(.text)
    MDB_SendBusReset                         0x000003c1   Thumb Code     0  mdb.o(.text)
    MDB_SendPool                             0x000003d3   Thumb Code     0  mdb.o(.text)
    MDB_SendSetup                            0x000003eb   Thumb Code     0  mdb.o(.text)
    MDB_SendExpIdentification                0x00000403   Thumb Code     0  mdb.o(.text)
    MDB_InitCoinChanger                      0x0000044b   Thumb Code     0  mdb.o(.text)
    PLL_Init                                 0x00000569   Thumb Code     0  pll.o(.text)
    DisableInterrupts                        0x000006dd   Thumb Code     0  startup.o(.text)
    EnableInterrupts                         0x000006e1   Thumb Code     0  startup.o(.text)
    StartCritical                            0x000006e5   Thumb Code     0  startup.o(.text)
    EndCritical                              0x000006ed   Thumb Code     0  startup.o(.text)
    WaitForInterrupt                         0x000006f3   Thumb Code     0  startup.o(.text)
    UART_Init                                0x000006f9   Thumb Code     0  uartints.o(.text)
    UART_InChar                              0x00000831   Thumb Code     0  uartints.o(.text)
    UART_OutChar                             0x00000843   Thumb Code     0  uartints.o(.text)
    UART0_Handler                            0x00000869   Thumb Code     0  uartints.o(.text)
    UART_OutString                           0x000008e1   Thumb Code     0  uartints.o(.text)
    UART_InUDec                              0x000008f7   Thumb Code     0  uartints.o(.text)
    UART_OutUDec                             0x00000947   Thumb Code     0  uartints.o(.text)
    UART_InUHex                              0x00000979   Thumb Code     0  uartints.o(.text)
    UART_OutUHex                             0x00000a11   Thumb Code     0  uartints.o(.text)
    UART_InString                            0x00000a5f   Thumb Code     0  uartints.o(.text)
    UART_HighStickParity                     0x00000aa5   Thumb Code     0  uartints.o(.text)
    UART_LowStickParity                      0x00000ab3   Thumb Code     0  uartints.o(.text)
    UART_SendBreak                           0x00000ac1   Thumb Code     0  uartints.o(.text)
    UART_SendBreak_Disable                   0x00000acf   Thumb Code     0  uartints.o(.text)
    Start                                    0x00000b39   Thumb Code     0  vmc_mdb_main.o(.text)
    delay                                    0x00000b45   Thumb Code     0  systick.o(.text)
    systick_interrupt                        0x00000b6b   Thumb Code     0  systick.o(.text)
    Timer_ResponseTime                       0x00000b7d   Thumb Code     0  gptimer.o(.text)
    Timer_ResponseTime_stop                  0x00000b81   Thumb Code     0  gptimer.o(.text)
    Timer_BreakTime                          0x00000b85   Thumb Code     0  gptimer.o(.text)
    Timer_SetupTime                          0x00000b89   Thumb Code     0  gptimer.o(.text)
    Timer_PollingTime                        0x00000b8d   Thumb Code     0  gptimer.o(.text)
    Timer_NoResponseTime                     0x00000b91   Thumb Code     0  gptimer.o(.text)
    Timer_NoResponseTime_stop                0x00000b95   Thumb Code     0  gptimer.o(.text)
    Command                                  0x20000030   Data          36  mdb.o(DATA)
    DataIn                                   0x20000054   Data          36  mdb.o(DATA)
    Setup_buf                                0x20000078   Data          24  mdb.o(DATA)
    Tube_status_buf                          0x20000090   Data          19  mdb.o(DATA)
    Pool_buf                                 0x200000a3   Data          17  mdb.o(DATA)
    Identification_buf                       0x200000b4   Data          34  mdb.o(DATA)
    Payout_status_buf                        0x200000d6   Data          17  mdb.o(DATA)
    Send_diag_status_buf                     0x200000e7   Data          17  mdb.o(DATA)



==============================================================================

Memory Map of the image

  Image Entry point : 0x00000209

  Load Region LR_1 (Base: 0x00000000, Size: 0x00000c90, Max: 0xffffffff, ABSOLUTE)

    Execution Region ER_RO (Base: 0x00000000, Size: 0x00000b98, Max: 0xffffffff, ABSOLUTE)

    Base Addr    Size         Type   Attr      Idx    E Section Name        Object

    0x00000000   0x00000224   Code   RO           16  * RESET               startup.o
    0x00000224   0x0000010c   Code   RO            2    .text               fifo.o
    0x00000330   0x00000238   Code   RO            8    .text               mdb.o
    0x00000568   0x00000174   Code   RO           11    .text               pll.o
    0x000006dc   0x0000001c   Code   RO           17    .text               startup.o
    0x000006f8   0x00000440   Code   RO           23    .text               uartints.o
    0x00000b38   0x0000000c   Code   RO           27    .text               vmc_mdb_main.o
    0x00000b44   0x00000034   Code   RO           30    .text               systick.o
    0x00000b78   0x00000020   Code   RO           33    .text               gptimer.o


    Execution Region ER_RW (Base: 0x20000000, Size: 0x000000f8, Max: 0xffffffff, ABSOLUTE)

    Base Addr    Size         Type   Attr      Idx    E Section Name        Object

    0x20000000   0x00000030   Data   RW            1    DATA                fifo.o
    0x20000030   0x000000c8   Data   RW            7    DATA                mdb.o


    Execution Region ER_ZI (Base: 0x200000f8, Size: 0x00000400, Max: 0xffffffff, ABSOLUTE)

    Base Addr    Size         Type   Attr      Idx    E Section Name        Object

    0x200000f8   0x00000400   Zero   RW           14    STACK               startup.o


==============================================================================

Image component sizes


      Code (inc. data)   RO Data    RW Data    ZI Data      Debug   Object Name

       268         32          0         48          0        376   fifo.o
        32          0          0          0          0        252   gptimer.o
       568         36          0        200          0        436   mdb.o
       372         76          0          0          0        344   pll.o
       576        524          0          0       1024       1028   startup.o
        52         12          0          0          0        252   systick.o
      1088         92          0          0          0        636   uartints.o
        12          0          0          0          0        252   vmc_mdb_main.o

    ----------------------------------------------------------------------
      2968        772          0        248       1024       3576   Object Totals
         0          0          0          0          0          0   (incl. Generated)
         0          0          0          0          0          0   (incl. Padding)

    ----------------------------------------------------------------------
         0          0          0          0          0          0   Library Totals
         0          0          0          0          0          0   (incl. Padding)

    ----------------------------------------------------------------------

==============================================================================


      Code (inc. data)   RO Data    RW Data    ZI Data      Debug   

      2968        772          0        248       1024       3576   Grand Totals
      2968        772          0        248       1024       3576   ELF Image Totals
      2968        772          0        248          0          0   ROM Totals

==============================================================================

    Total RO  Size (Code + RO Data)                 2968 (   2.90kB)
    Total RW  Size (RW Data + ZI Data)              1272 (   1.24kB)
    Total ROM Size (Code + RO Data + RW Data)       3216 (   3.14kB)

==============================================================================

